thars@DESKTOP-GSR71LN MINGW64 /d/Documentos/JavaScript bootcamp/m2_front_end/m2_s12_uso_de_git/m2_s12_DRILLING
$ cd nimrodel_main/

thars@DESKTOP-GSR71LN MINGW64 /d/Documentos/JavaScript bootcamp/m2_front_end/m2_s12_uso_de_git/m2_s12_DRILLING/nimrodel_main
$ git init
Initialized empty Git repository in D:/Documentos/JavaScript bootcamp/m2_front_end/m2_s12_uso_de_git/m2_s12_DRILLING/nimrodel_main/.git/

thars@DESKTOP-GSR71LN MINGW64 /d/Documentos/JavaScript bootcamp/m2_front_end/m2_s12_uso_de_git/m2_s12_DRILLING/nimrodel_main (master)
$ git status
On branch master

No commits yet

Untracked files:
  (use "git add <file>..." to include in what will be committed)
        assets/
        index.html

nothing added to commit but untracked files present (use "git add" to track)

thars@DESKTOP-GSR71LN MINGW64 /d/Documentos/JavaScript bootcamp/m2_front_end/m2_s12_uso_de_git/m2_s12_DRILLING/nimrodel_main (master)
$ git add -A && git commit -am "nimrodel front-end"
[master (root-commit) 4165739] nimrodel front-end
 13 files changed, 627 insertions(+)
 create mode 100644 assets/css/style.css
 create mode 100644 assets/img/IMG1.jpg
 create mode 100644 assets/img/IMG2.jpg
 create mode 100644 assets/img/bebidas.jpg
 create mode 100644 assets/img/chorillana.jpg
 create mode 100644 assets/img/fondo.jpg
 create mode 100644 assets/img/mojito.jpg
 create mode 100644 assets/img/n.png
 create mode 100644 assets/img/shop.jpeg
 create mode 100644 assets/img/tablas.jpg
 create mode 100644 assets/img/vino.jpg
 create mode 100644 assets/js/index.js
 create mode 100644 index.html

 thars@DESKTOP-GSR71LN MINGW64 /d/Documentos/JavaScript bootcamp/m2_front_end/m2_s12_uso_de_git/m2_s12_DRILLING/nimrodel_main (develop)
$ git status
On branch develop
Changes not staged for commit:
  (use "git add <file>..." to update what will be committed)
  (use "git restore <file>..." to discard changes in working directory)
        modified:   assets/css/style.css
        modified:   assets/js/index.js
        modified:   index.html

no changes added to commit (use "git add" and/or "git commit -a")

thars@DESKTOP-GSR71LN MINGW64 /d/Documentos/JavaScript bootcamp/m2_front_end/m2_s12_uso_de_git/m2_s12_DRILLING/nimrodel_main (develop)
$ git diff
diff --git a/assets/css/style.css b/assets/css/style.css
index d352222..0b16e9f 100644
--- a/assets/css/style.css
+++ b/assets/css/style.css
@@ -256,8 +256,8 @@ Pantalla LSmall (>=576px)
     justify-content: center;
 }

-.carousel-inner,
-.carousel-item>img {
+#carouselExample.carousel-inner,
+#carouselExample.carousel-item>img {
     height: 400px;
     object-fit: fill;
 }
@@ -298,12 +298,14 @@ dialog>button {
     /* transparencia del overlay */
 }

-.exclude-overlay {
-    position: relative;
-    z-index: 1;
-    /* poner por encima del overlay */
-}
-
 #overlay.active {
     pointer-events: auto; /* deshabilita eventos del ratón y teclado para los elementos detrás del overlay */
-  }
\ No newline at end of file
+  }
+
+.modal-content{
+    background-color: black;
+}
+
+.close-button{
+    z-index: 999;
+}
\ No newline at end of file
diff --git a/assets/js/index.js b/assets/js/index.js
index f7087a5..7d4c065 100644
--- a/assets/js/index.js
+++ b/assets/js/index.js
@@ -79,11 +79,63 @@ Gracias por preferirnos`);
   });
 }

-showModalOnClick('#items-bebidas', '#bebidas-modal');
-showModalOnClick('#items-tablas', '#tablas-modal');
-showModalOnClick('#items-shop', '#shop-modal');
+  $('#about-us').click(() => {
+    let items = {
+      h5:'Nimrodel Pub Restaurant',
+      carousel:{
+        slide1: {
+          img:'assets/img/IMG2.jpg',
+          p:'Nimrodel Significa “dama de la cueva blanca”. Fue una elfa silvana que vivió durante la Tercera Edad del Sol en el bosque de Lothlórien. En honor a su nombre, se acuña Nimrodel al río que nace en las Montañas Nubladas'
+        },
+        slide2: {
+          p:'Nimrodel Pub Restaurant es un oasis de calma y diversión, lleno de rincones acogedores en donde se resalta la belleza de su decoración élfica. Es un lugar ideal para visitar solo o acompañado, disfrutar una tarde con amigos, terminar el día después del trabajo o almorzar con tu familia. Puedes probar nuestras tradicionales tablas, en todas sus variedades y que nos han otorgado reconocimiento dentro de la cultura gastronómica. También puedes disfrutar nuestras cervezas de fabricación propia, con sabores que te llevarán a un mágico mundo.'
+        },
+        slide3: {
+          img:'assets/img/IMG1.jpg'
+        }
+      }
+    }
+
+    var $carousel = $(`<h5 style="text-align:center;">${items['h5']}</h5>
+    <div id="carouselExampleCaptions" class="carousel slide">
+    <div class="carousel-inner">
+      <div class="carousel-item active">
+        <p style="text-align:center; padding-left:10%; padding-right:10%"><i>${items['carousel']['slide1']['p']}</i></p>
+        <div class="d-flex justify-content-center">
+          <img src="${items['carousel']['slide1']['img']}" class="d-flex justify-content-center" alt="nimrodel">
+        </div>  
+      </div>
+      <div class="carousel-item" style="text-align:center;">
+        <p style="text-align:center; padding-left:10%; padding-right:10%"><i>${items['carousel']['slide2']['p']}</i></p>
+      </div>
+      <div class="carousel-item">
+        <div class="d-flex justify-content-center">
+          <img src="${items['carousel']['slide3']['img']}" class="d-block" alt="nimrodel" style="width:45%">
+        </div>
+      </div>
+    </div>
+    <button class="carousel-control-prev" type="button" data-bs-target="#carouselExampleCaptions" data-bs-slide="prev">
+      <span class="carousel-control-prev-icon" aria-hidden="true"></span>
+      <span class="visually-hidden">Previous</span>
+    </button>
+    <button class="carousel-control-next" type="button" data-bs-target="#carouselExampleCaptions" data-bs-slide="next">
+      <span class="carousel-control-next-icon" aria-hidden="true"></span>
+      <span class="visually-hidden">Next</span>
+    </button>
+  </div>`);
+
+  $('#about-us-popup>.modal-content').append($carousel);
+  $('#about-us-popup').show();
+  });
+
+  $('#about-us-popup>.close-button').click(() => {
+    $('#about-us-popup>.modal-content').empty();
+    $('#about-us-popup').hide();
+  });
+
+  showModalOnClick('#items-bebidas', '#bebidas-modal');
+  showModalOnClick('#items-tablas', '#tablas-modal');
+  showModalOnClick('#items-shop', '#shop-modal');

 })

-/* 'body:not(' + modal + ':not(.close-button))'  */
-/* modal + ' .close-button' */
\ No newline at end of file
diff --git a/index.html b/index.html
index 52a63a2..a5e0db4 100644
--- a/index.html
+++ b/index.html
@@ -6,7 +6,7 @@
     <meta http-equiv="X-UA-Compatible" content="IE=edge">
     <meta name="viewport" content="width=device-width, initial-scale=1.0">
     <link rel="stylesheet" href="https://cdnjs.cloudflare.com/ajax/libs/font-awesome/5.6.3/css/all.css">
-    <title>NIRMODEL Restaurant y Pub</title>
+    <title>NIMRODEL Restaurant y Pub</title>
     <!--Inserción del favicon-->
     <link href="https://cdn.jsdelivr.net/npm/bootstrap@5.2.3/dist/css/bootstrap.min.css" rel="stylesheet"
         integrity="sha384-rbsA2VBKQhggwzxH7pPCaAqO46MgnOM80zW1RWuH61DGLwZJEdK2Kadq2F9CUG65" crossorigin="anonymous">
@@ -34,7 +34,7 @@
                             <a class="nav-link active" aria-current="page" href="#">nuestros productos</a>
                         </li>
                         <li class="nav-item">
-                            <a class="nav-link" href="#">sobre nosotros</a>
+                            <a class="nav-link" href="#" id="about-us">sobre nosotros</a>
                         </li>
                         <li class="nav-item">
                             <a class="nav-link" onclick="mostrarFormCom()" href="#Comuniquemonos">Comuniquemonos</a>
@@ -48,6 +48,11 @@
         </nav>
     </header>

+    <dialog class="modal exclude-overlay" id="about-us-popup">
+        <button class="button close-button">X</button>
+        <div class="modal-content"></div>
+    </dialog>
+
     <h1 id="nombre-empresa">Nimrodel Pub Restaurant</h1>

     <div class="h2">
(END)

thars@DESKTOP-GSR71LN MINGW64 /d/Documentos/JavaScript bootcamp/m2_front_end/m2_s12_uso_de_git/m2_s12_DRILLING/nimrodel_main (develop)
$ git add -A && git commit -am "Añadir bootstrap-carousel popup al clickear en sobre nosotros"
[develop 2bea9aa] Añadir bootstrap-carousel popup al clickear en sobre nosotros
 3 files changed, 75 insertions(+), 16 deletions(-)

thars@DESKTOP-GSR71LN MINGW64 /d/Documentos/JavaScript bootcamp/m2_front_end/m2_s12_uso_de_git/m2_s12_DRILLING/nimrodel_main (develop)
$ git log
commit 2bea9aa0e8a71d4cd58ed91ee537d3b56b07a76a (HEAD -> develop)
Author: Allan Morales Prado <allan.moralesp@utem.cl>
Date:   Mon Apr 17 13:20:43 2023 -0400

    Añadir bootstrap-carousel popup al clickear en sobre nosotros

commit 41657397e3a23f0a8853464f2fb5d2b208d5f79e (master)
Author: Allan Morales Prado <allan.moralesp@utem.cl>
Date:   Mon Apr 17 11:48:08 2023 -0400

    nimrodel front-end
